2026-06-09T12:45:02.073119+00:00 LAPTOP-PRT4GF6K systemd-resolved[104]: Clock change detected. Flushing caches.
2026-06-09T12:45:30.679576+00:00 LAPTOP-PRT4GF6K kernel: systemd-journald[42]: Time jumped backwards, rotating. (Dropped 9 similar message(s))
2026-06-09T12:45:35.639607+00:00 LAPTOP-PRT4GF6K kernel: systemd-journald[42]: Time jumped backwards, rotating.
2026-06-09T12:45:45.621138+00:00 LAPTOP-PRT4GF6K systemd-resolved[104]: message repeated 21 times: [ Clock change detected. Flushing caches.]
2026-06-09T12:45:47.919943+00:00 LAPTOP-PRT4GF6K wsl-pro-service[194]: #033[33mWARNING#033[0m Daemon: could not connect to Windows Agent: could not get address: could not read agent port file "/mnt/c/Users/Sai Teja/.ubuntupro/.address": open /mnt/c/Users/Sai Teja/.ubuntupro/.address: no such file or directory
2026-06-09T12:45:47.920945+00:00 LAPTOP-PRT4GF6K wsl-pro-service[194]: #033[33mWARNING#033[0m Exiting after <nil>: check if the Windows agent is installed and running.
2026-06-09T12:45:47.932059+00:00 LAPTOP-PRT4GF6K systemd[1]: wsl-pro.service: Deactivated successfully.
2026-06-09T12:45:57.191015+00:00 LAPTOP-PRT4GF6K systemd-resolved[104]: Clock change detected. Flushing caches.
2026-06-09T12:45:40.678083+00:00 LAPTOP-PRT4GF6K kernel: systemd-journald[42]: Time jumped backwards, rotating.
2026-06-09T12:46:25.679873+00:00 LAPTOP-PRT4GF6K kernel: systemd-journald[42]: Time jumped backwards, rotating. (Dropped 8 similar message(s))
2026-06-09T12:46:30.655265+00:00 LAPTOP-PRT4GF6K kernel: systemd-journald[42]: Time jumped backwards, rotating.
2026-06-09T12:46:35.809127+00:00 LAPTOP-PRT4GF6K kernel: systemd-journald[42]: Time jumped backwards, rotating.
2026-06-09T12:47:20.851397+00:00 LAPTOP-PRT4GF6K kernel: systemd-journald[42]: Time jumped backwards, rotating. (Dropped 8 similar message(s))
2026-06-09T12:47:25.814776+00:00 LAPTOP-PRT4GF6K kernel: systemd-journald[42]: Time jumped backwards, rotating.
2026-06-09T12:47:30.793559+00:00 LAPTOP-PRT4GF6K kernel: systemd-journald[42]: Time jumped backwards, rotating.
2026-06-09T12:48:16.182473+00:00 LAPTOP-PRT4GF6K kernel: systemd-journald[42]: Time jumped backwards, rotating. (Dropped 8 similar message(s))
2026-06-09T12:48:20.994771+00:00 LAPTOP-PRT4GF6K kernel: systemd-journald[42]: Time jumped backwards, rotating.
2026-06-09T12:48:25.940441+00:00 LAPTOP-PRT4GF6K kernel: systemd-journald[42]: Time jumped backwards, rotating.
2026-06-09T12:49:11.193659+00:00 LAPTOP-PRT4GF6K kernel: systemd-journald[42]: Time jumped backwards, rotating. (Dropped 8 similar message(s))
2026-06-09T12:49:16.144799+00:00 LAPTOP-PRT4GF6K kernel: systemd-journald[42]: Time jumped backwards, rotating.
2026-06-09T12:49:27.658115+00:00 LAPTOP-PRT4GF6K systemd-resolved[104]: message repeated 84 times: [ Clock change detected. Flushing caches.]
2026-06-09T12:49:27.724235+00:00 LAPTOP-PRT4GF6K systemd[1]: Starting systemd-tmpfiles-clean.service - Cleanup of Temporary Directories...
2026-06-09T12:49:27.813296+00:00 LAPTOP-PRT4GF6K systemd[1]: systemd-tmpfiles-clean.service: Deactivated successfully.
2026-06-09T12:49:27.813441+00:00 LAPTOP-PRT4GF6K systemd[1]: Finished systemd-tmpfiles-clean.service - Cleanup of Temporary Directories.
2026-06-09T12:49:21.341017+00:00 LAPTOP-PRT4GF6K systemd-resolved[104]: Clock change detected. Flushing caches.
2026-06-09T12:49:21.343030+00:00 LAPTOP-PRT4GF6K kernel: systemd-journald[42]: Time jumped backwards, rotating.
2026-06-09T12:50:06.165353+00:00 LAPTOP-PRT4GF6K kernel: systemd-journald[42]: Time jumped backwards, rotating. (Dropped 8 similar message(s))
2026-06-09T12:50:11.251847+00:00 LAPTOP-PRT4GF6K kernel: systemd-journald[42]: Time jumped backwards, rotating.
2026-06-09T12:50:16.288179+00:00 LAPTOP-PRT4GF6K kernel: systemd-journald[42]: Time jumped backwards, rotating.
2026-06-09T12:51:01.454625+00:00 LAPTOP-PRT4GF6K kernel: systemd-journald[42]: Time jumped backwards, rotating. (Dropped 8 similar message(s))
2026-06-09T12:51:06.403748+00:00 LAPTOP-PRT4GF6K kernel: systemd-journald[42]: Time jumped backwards, rotating.
2026-06-09T12:51:11.491908+00:00 LAPTOP-PRT4GF6K kernel: systemd-journald[42]: Time jumped backwards, rotating.
2026-06-09T12:51:56.483999+00:00 LAPTOP-PRT4GF6K kernel: systemd-journald[42]: Time jumped backwards, rotating. (Dropped 8 similar message(s))
2026-06-09T12:52:01.477508+00:00 LAPTOP-PRT4GF6K kernel: systemd-journald[42]: Time jumped backwards, rotating.
2026-06-09T12:52:06.571465+00:00 LAPTOP-PRT4GF6K kernel: systemd-journald[42]: Time jumped backwards, rotating.
2026-06-09T12:52:51.680607+00:00 LAPTOP-PRT4GF6K kernel: systemd-journald[42]: Time jumped backwards, rotating. (Dropped 8 similar message(s))
2026-06-09T12:52:56.680313+00:00 LAPTOP-PRT4GF6K kernel: systemd-journald[42]: Time jumped backwards, rotating.
2026-06-09T12:53:01.722871+00:00 LAPTOP-PRT4GF6K kernel: systemd-journald[42]: Time jumped backwards, rotating.
2026-06-09T12:53:46.890830+00:00 LAPTOP-PRT4GF6K kernel: systemd-journald[42]: Time jumped backwards, rotating. (Dropped 8 similar message(s))
2026-06-09T12:53:51.861150+00:00 LAPTOP-PRT4GF6K kernel: systemd-journald[42]: Time jumped backwards, rotating.
2026-06-09T12:53:56.920770+00:00 LAPTOP-PRT4GF6K kernel: systemd-journald[42]: Time jumped backwards, rotating.
2026-06-09T12:54:41.999180+00:00 LAPTOP-PRT4GF6K kernel: systemd-journald[42]: Time jumped backwards, rotating. (Dropped 8 similar message(s))
2026-06-09T12:54:47.134795+00:00 LAPTOP-PRT4GF6K kernel: systemd-journald[42]: Time jumped backwards, rotating.
2026-06-09T12:54:52.143972+00:00 LAPTOP-PRT4GF6K kernel: systemd-journald[42]: Time jumped backwards, rotating.
2026-06-09T12:55:37.266601+00:00 LAPTOP-PRT4GF6K kernel: systemd-journald[42]: Time jumped backwards, rotating. (Dropped 8 similar message(s))
2026-06-09T12:55:42.281662+00:00 LAPTOP-PRT4GF6K kernel: systemd-journald[42]: Time jumped backwards, rotating.
2026-06-09T12:55:47.349738+00:00 LAPTOP-PRT4GF6K kernel: systemd-journald[42]: Time jumped backwards, rotating.
2026-06-09T12:56:32.540898+00:00 LAPTOP-PRT4GF6K kernel: systemd-journald[42]: Time jumped backwards, rotating. (Dropped 8 similar message(s))
2026-06-09T12:56:37.377055+00:00 LAPTOP-PRT4GF6K kernel: systemd-journald[42]: Time jumped backwards, rotating.
2026-06-09T12:57:12.477034+00:00 LAPTOP-PRT4GF6K systemd-resolved[104]: message repeated 188 times: [ Clock change detected. Flushing caches.]
